// Jest Snapshot v1, https://goo.gl/fbAQLP

exports[`createTackle options为一个对象时 1`] = `
Object {
  "ajaxError": true,
  "consoleError": false,
  "coverError": false,
  "extendsData": 1010101010,
  "jsError": true,
  "logError": false,
  "method": "POST",
  "onError": null,
  "promiseError": true,
  "resourceError": true,
  "url": "xxxxx.com/xxx",
  "vueApp": null,
  "vueError": false,
}
`;

exports[`createTackle options为一个对象时 2`] = `
Object {
  "ajaxError": true,
  "consoleError": false,
  "coverError": false,
  "extendsData": 1010101010,
  "jsError": true,
  "logError": false,
  "method": "POST",
  "onError": null,
  "promiseError": true,
  "resourceError": true,
  "url": "xxxxx.com/xxx",
  "vueApp": null,
  "vueError": false,
}
`;
